commit: be13516f

codegen_test262 Summary:
AST Parsed     : 47435/47435 (100.00%)
Positive Passed: 47409/47435 (99.95%)
Normal: tasks/coverage/test262/test/annexB/language/comments/multi-line-html-close.js

Normal: tasks/coverage/test262/test/built-ins/Function/prototype/toString/async-generator-method-class-expression-static.js

Normal: tasks/coverage/test262/test/built-ins/Function/prototype/toString/async-generator-method-class-expression.js

Normal: tasks/coverage/test262/test/built-ins/Function/prototype/toString/async-generator-method-class-statement-static.js

Normal: tasks/coverage/test262/test/built-ins/Function/prototype/toString/async-generator-method-class-statement.js

Normal: tasks/coverage/test262/test/built-ins/Function/prototype/toString/async-method-class-expression-static.js

Normal: tasks/coverage/test262/test/built-ins/Function/prototype/toString/async-method-class-expression.js

Normal: tasks/coverage/test262/test/built-ins/Function/prototype/toString/async-method-class-statement-static.js

Normal: tasks/coverage/test262/test/built-ins/Function/prototype/toString/async-method-class-statement.js

Normal: tasks/coverage/test262/test/built-ins/Function/prototype/toString/class-declaration-explicit-ctor.js

Normal: tasks/coverage/test262/test/built-ins/Function/prototype/toString/class-declaration-implicit-ctor.js

Normal: tasks/coverage/test262/test/built-ins/Function/prototype/toString/class-expression-explicit-ctor.js

Normal: tasks/coverage/test262/test/built-ins/Function/prototype/toString/class-expression-implicit-ctor.js

Normal: tasks/coverage/test262/test/built-ins/Function/prototype/toString/getter-class-expression-static.js

Normal: tasks/coverage/test262/test/built-ins/Function/prototype/toString/getter-class-expression.js

Normal: tasks/coverage/test262/test/built-ins/Function/prototype/toString/getter-class-statement-static.js

Normal: tasks/coverage/test262/test/built-ins/Function/prototype/toString/getter-class-statement.js

Normal: tasks/coverage/test262/test/built-ins/Function/prototype/toString/method-class-expression-static.js

Normal: tasks/coverage/test262/test/built-ins/Function/prototype/toString/method-class-expression.js

Normal: tasks/coverage/test262/test/built-ins/Function/prototype/toString/method-class-statement-static.js

Normal: tasks/coverage/test262/test/built-ins/Function/prototype/toString/method-class-statement.js

Normal: tasks/coverage/test262/test/built-ins/Function/prototype/toString/setter-class-expression-static.js

Normal: tasks/coverage/test262/test/built-ins/Function/prototype/toString/setter-class-expression.js

Normal: tasks/coverage/test262/test/built-ins/Function/prototype/toString/setter-class-statement-static.js

Normal: tasks/coverage/test262/test/built-ins/Function/prototype/toString/setter-class-statement.js

Normal: tasks/coverage/test262/test/language/statements/switch/scope-lex-let.js

