commit: be13516f

minifier_test262 Summary:
AST Parsed     : 45024/45024 (100.00%)
Positive Passed: 44720/45024 (99.32%)
Compress: tasks/coverage/test262/test/built-ins/Array/prototype/concat/is-concat-spreadable-is-array-proxy-revoked.js

Compress: tasks/coverage/test262/test/built-ins/Array/prototype/every/15.4.4.16-1-1.js

Compress: tasks/coverage/test262/test/built-ins/Array/prototype/every/15.4.4.16-1-2.js

Compress: tasks/coverage/test262/test/built-ins/Array/prototype/filter/15.4.4.20-1-1.js

Compress: tasks/coverage/test262/test/built-ins/Array/prototype/filter/15.4.4.20-9-b-1.js

Compress: tasks/coverage/test262/test/built-ins/Array/prototype/flatMap/array-like-objects.js

Compress: tasks/coverage/test262/test/built-ins/Array/prototype/forEach/15.4.4.18-1-1.js

Compress: tasks/coverage/test262/test/built-ins/Array/prototype/forEach/15.4.4.18-1-2.js

Compress: tasks/coverage/test262/test/built-ins/Array/prototype/indexOf/calls-only-has-on-prototype-after-length-zeroed.js

Compress: tasks/coverage/test262/test/built-ins/Array/prototype/lastIndexOf/calls-only-has-on-prototype-after-length-zeroed.js

Compress: tasks/coverage/test262/test/built-ins/Array/prototype/map/15.4.4.19-1-1.js

Compress: tasks/coverage/test262/test/built-ins/Array/prototype/map/15.4.4.19-1-2.js

Compress: tasks/coverage/test262/test/built-ins/Array/prototype/map/15.4.4.19-8-b-1.js

Compress: tasks/coverage/test262/test/built-ins/Array/prototype/map/15.4.4.19-8-c-ii-5.js

Compress: tasks/coverage/test262/test/built-ins/Array/prototype/some/15.4.4.17-7-c-ii-5.js

Compress: tasks/coverage/test262/test/built-ins/Array/prototype/sort/comparefn-resizable-buffer.js

Compress: tasks/coverage/test262/test/built-ins/Atomics/notify/bigint/null-bufferdata-throws.js

Compress: tasks/coverage/test262/test/built-ins/Atomics/notify/non-views.js

Compress: tasks/coverage/test262/test/built-ins/Atomics/notify/null-bufferdata-throws.js

Compress: tasks/coverage/test262/test/built-ins/Atomics/wait/bigint/null-bufferdata-throws.js

Compress: tasks/coverage/test262/test/built-ins/Atomics/wait/null-bufferdata-throws.js

Compress: tasks/coverage/test262/test/built-ins/Atomics/waitAsync/bigint/null-bufferdata-throws.js

Compress: tasks/coverage/test262/test/built-ins/Atomics/waitAsync/null-bufferdata-throws.js

Compress: tasks/coverage/test262/test/built-ins/DataView/prototype/getFloat16/return-values-custom-offset.js

Compress: tasks/coverage/test262/test/built-ins/DataView/prototype/getFloat16/return-values.js

Compress: tasks/coverage/test262/test/built-ins/DataView/prototype/setFloat16/to-boolean-littleendian.js

Compress: tasks/coverage/test262/test/built-ins/Function/prototype/toString/async-arrow-function.js

Compress: tasks/coverage/test262/test/built-ins/Function/prototype/toString/async-function-expression.js

Compress: tasks/coverage/test262/test/built-ins/Function/prototype/toString/async-generator-method-class-expression-static.js

Compress: tasks/coverage/test262/test/built-ins/Function/prototype/toString/async-generator-method-class-expression.js

Compress: tasks/coverage/test262/test/built-ins/Function/prototype/toString/async-generator-method-class-statement-static.js

Compress: tasks/coverage/test262/test/built-ins/Function/prototype/toString/async-generator-method-class-statement.js

Compress: tasks/coverage/test262/test/built-ins/Function/prototype/toString/async-generator-method-object.js

Compress: tasks/coverage/test262/test/built-ins/Function/prototype/toString/async-method-class-expression-static.js

Compress: tasks/coverage/test262/test/built-ins/Function/prototype/toString/async-method-class-expression.js

Compress: tasks/coverage/test262/test/built-ins/Function/prototype/toString/async-method-class-statement-static.js

Compress: tasks/coverage/test262/test/built-ins/Function/prototype/toString/async-method-class-statement.js

Compress: tasks/coverage/test262/test/built-ins/Function/prototype/toString/async-method-object.js

Compress: tasks/coverage/test262/test/built-ins/Function/prototype/toString/class-declaration-explicit-ctor.js

Compress: tasks/coverage/test262/test/built-ins/Function/prototype/toString/class-declaration-implicit-ctor.js

Compress: tasks/coverage/test262/test/built-ins/Function/prototype/toString/class-expression-explicit-ctor.js

Compress: tasks/coverage/test262/test/built-ins/Function/prototype/toString/class-expression-implicit-ctor.js

Compress: tasks/coverage/test262/test/built-ins/Function/prototype/toString/function-expression.js

Compress: tasks/coverage/test262/test/built-ins/Function/prototype/toString/generator-method.js

Compress: tasks/coverage/test262/test/built-ins/Function/prototype/toString/getter-class-expression-static.js

Compress: tasks/coverage/test262/test/built-ins/Function/prototype/toString/getter-class-expression.js

Compress: tasks/coverage/test262/test/built-ins/Function/prototype/toString/getter-class-statement-static.js

Compress: tasks/coverage/test262/test/built-ins/Function/prototype/toString/getter-class-statement.js

Compress: tasks/coverage/test262/test/built-ins/Function/prototype/toString/getter-object.js

Compress: tasks/coverage/test262/test/built-ins/Function/prototype/toString/method-class-expression-static.js

Compress: tasks/coverage/test262/test/built-ins/Function/prototype/toString/method-class-expression.js

Compress: tasks/coverage/test262/test/built-ins/Function/prototype/toString/method-class-statement-static.js

Compress: tasks/coverage/test262/test/built-ins/Function/prototype/toString/method-class-statement.js

Compress: tasks/coverage/test262/test/built-ins/Function/prototype/toString/method-computed-property-name.js

Compress: tasks/coverage/test262/test/built-ins/Function/prototype/toString/method-object.js

Compress: tasks/coverage/test262/test/built-ins/Function/prototype/toString/private-method-class-expression.js

Compress: tasks/coverage/test262/test/built-ins/Function/prototype/toString/private-method-class-statement.js

Compress: tasks/coverage/test262/test/built-ins/Function/prototype/toString/private-static-method-class-expression.js

Compress: tasks/coverage/test262/test/built-ins/Function/prototype/toString/private-static-method-class-statement.js

Compress: tasks/coverage/test262/test/built-ins/Iterator/zip/iterables-iteration.js

Compress: tasks/coverage/test262/test/built-ins/Iterator/zip/iterator-zip-iteration-iterator-close-abrupt-completion.js

Compress: tasks/coverage/test262/test/built-ins/Iterator/zip/iterator-zip-iteration-longest-iterator-close-abrupt-completion.js

Compress: tasks/coverage/test262/test/built-ins/Iterator/zip/iterator-zip-iteration-shortest-iterator-close-abrupt-completion.js

Compress: tasks/coverage/test262/test/built-ins/Iterator/zip/iterator-zip-iteration-strict-iterator-close-i-is-not-zero-abrupt-completion.js

Compress: tasks/coverage/test262/test/built-ins/Iterator/zipKeyed/iterator-zip-iteration-iterator-close-abrupt-completion.js

Compress: tasks/coverage/test262/test/built-ins/Iterator/zipKeyed/iterator-zip-iteration-longest-iterator-close-abrupt-completion.js

Compress: tasks/coverage/test262/test/built-ins/Iterator/zipKeyed/iterator-zip-iteration-shortest-iterator-close-abrupt-completion.js

Compress: tasks/coverage/test262/test/built-ins/Iterator/zipKeyed/iterator-zip-iteration-strict-iterator-close-i-is-not-zero-abrupt-completion.js

Compress: tasks/coverage/test262/test/built-ins/JSON/parse/15.12.1.1-0-1.js

Compress: tasks/coverage/test262/test/built-ins/JSON/parse/15.12.1.1-0-2.js

Compress: tasks/coverage/test262/test/built-ins/JSON/parse/15.12.1.1-0-3.js

Compress: tasks/coverage/test262/test/built-ins/JSON/parse/15.12.1.1-0-4.js

Compress: tasks/coverage/test262/test/built-ins/JSON/parse/15.12.1.1-0-5.js

Compress: tasks/coverage/test262/test/built-ins/JSON/parse/15.12.1.1-0-6.js

Compress: tasks/coverage/test262/test/built-ins/JSON/parse/15.12.1.1-0-8.js

Compress: tasks/coverage/test262/test/built-ins/JSON/parse/15.12.1.1-0-9.js

Compress: tasks/coverage/test262/test/built-ins/JSON/parse/15.12.1.1-g4-1.js

Compress: tasks/coverage/test262/test/built-ins/JSON/parse/15.12.1.1-g4-2.js

Compress: tasks/coverage/test262/test/built-ins/JSON/parse/15.12.1.1-g4-3.js

Compress: tasks/coverage/test262/test/built-ins/JSON/parse/15.12.1.1-g4-4.js

Compress: tasks/coverage/test262/test/built-ins/Math/atan2/S15.8.2.5_A14.js

Compress: tasks/coverage/test262/test/built-ins/Math/atan2/S15.8.2.5_A16.js

Compress: tasks/coverage/test262/test/built-ins/Object/defineProperties/15.2.3.7-6-a-231.js

Compress: tasks/coverage/test262/test/built-ins/Object/defineProperties/15.2.3.7-6-a-54.js

Compress: tasks/coverage/test262/test/built-ins/Object/defineProperty/15.2.3.6-4-2.js

Compress: tasks/coverage/test262/test/built-ins/Object/defineProperty/15.2.3.6-4-3.js

Compress: tasks/coverage/test262/test/built-ins/Object/defineProperty/15.2.3.6-4-4.js

Compress: tasks/coverage/test262/test/built-ins/Object/defineProperty/15.2.3.6-4-72.js

Compress: tasks/coverage/test262/test/built-ins/Object/entries/inherited-properties-omitted.js

Compress: tasks/coverage/test262/test/built-ins/Object/freeze/15.2.3.9-2-a-5.js

Compress: tasks/coverage/test262/test/built-ins/Object/getOwnPropertyDescriptors/inherited-properties-omitted.js

Compress: tasks/coverage/test262/test/built-ins/Object/seal/object-seal-o-is-frozen-already.js

Compress: tasks/coverage/test262/test/built-ins/Object/seal/object-seal-o-is-sealed-already.js

Compress: tasks/coverage/test262/test/built-ins/Object/seal/object-seal-the-extension-of-o-is-prevented-already.js

Compress: tasks/coverage/test262/test/built-ins/Object/values/inherited-properties-omitted.js

Compress: tasks/coverage/test262/test/built-ins/String/prototype/replaceAll/searchValue-replacer-RegExp-call-fn.js

Compress: tasks/coverage/test262/test/built-ins/String/prototype/replaceAll/searchValue-replacer-RegExp-call.js

Compress: tasks/coverage/test262/test/built-ins/Temporal/Duration/compare/order-of-operations.js

Compress: tasks/coverage/test262/test/built-ins/Temporal/Duration/prototype/add/order-of-operations.js

Compress: tasks/coverage/test262/test/built-ins/Temporal/Duration/prototype/round/options-read-before-algorithmic-validation.js

Compress: tasks/coverage/test262/test/built-ins/Temporal/Duration/prototype/round/order-of-operations.js

Compress: tasks/coverage/test262/test/built-ins/Temporal/Duration/prototype/subtract/order-of-operations.js

Compress: tasks/coverage/test262/test/built-ins/Temporal/Duration/prototype/total/order-of-operations.js

Compress: tasks/coverage/test262/test/built-ins/Temporal/Instant/prototype/since/order-of-operations.js

Compress: tasks/coverage/test262/test/built-ins/Temporal/Instant/prototype/toString/order-of-operations.js

Compress: tasks/coverage/test262/test/built-ins/Temporal/Instant/prototype/until/order-of-operations.js

Compress: tasks/coverage/test262/test/built-ins/Temporal/PlainDate/from/order-of-operations.js

Compress: tasks/coverage/test262/test/built-ins/Temporal/PlainDate/prototype/add/order-of-operations.js

Compress: tasks/coverage/test262/test/built-ins/Temporal/PlainDate/prototype/since/order-of-operations.js

Compress: tasks/coverage/test262/test/built-ins/Temporal/PlainDate/prototype/subtract/order-of-operations.js

Compress: tasks/coverage/test262/test/built-ins/Temporal/PlainDate/prototype/toZonedDateTime/order-of-operations.js

Compress: tasks/coverage/test262/test/built-ins/Temporal/PlainDate/prototype/until/order-of-operations.js

Compress: tasks/coverage/test262/test/built-ins/Temporal/PlainDate/prototype/with/order-of-operations.js

Compress: tasks/coverage/test262/test/built-ins/Temporal/PlainDateTime/from/order-of-operations.js

Compress: tasks/coverage/test262/test/built-ins/Temporal/PlainDateTime/prototype/add/order-of-operations.js

Compress: tasks/coverage/test262/test/built-ins/Temporal/PlainDateTime/prototype/since/order-of-operations.js

Compress: tasks/coverage/test262/test/built-ins/Temporal/PlainDateTime/prototype/subtract/order-of-operations.js

Compress: tasks/coverage/test262/test/built-ins/Temporal/PlainDateTime/prototype/toString/order-of-operations.js

Compress: tasks/coverage/test262/test/built-ins/Temporal/PlainDateTime/prototype/toZonedDateTime/order-of-operations.js

Compress: tasks/coverage/test262/test/built-ins/Temporal/PlainDateTime/prototype/until/order-of-operations.js

Compress: tasks/coverage/test262/test/built-ins/Temporal/PlainDateTime/prototype/with/order-of-operations.js

Compress: tasks/coverage/test262/test/built-ins/Temporal/PlainMonthDay/from/order-of-operations.js

Compress: tasks/coverage/test262/test/built-ins/Temporal/PlainMonthDay/prototype/with/order-of-operations.js

Compress: tasks/coverage/test262/test/built-ins/Temporal/PlainTime/from/order-of-operations.js

Compress: tasks/coverage/test262/test/built-ins/Temporal/PlainTime/prototype/add/argument-duration-precision-exact-numerical-values.js

Compress: tasks/coverage/test262/test/built-ins/Temporal/PlainTime/prototype/since/order-of-operations.js

Compress: tasks/coverage/test262/test/built-ins/Temporal/PlainTime/prototype/subtract/argument-duration-precision-exact-numerical-values.js

Compress: tasks/coverage/test262/test/built-ins/Temporal/PlainTime/prototype/until/order-of-operations.js

Compress: tasks/coverage/test262/test/built-ins/Temporal/PlainTime/prototype/with/order-of-operations.js

Compress: tasks/coverage/test262/test/built-ins/Temporal/PlainYearMonth/from/order-of-operations.js

Compress: tasks/coverage/test262/test/built-ins/Temporal/PlainYearMonth/prototype/add/options-read-before-algorithmic-validation.js

Compress: tasks/coverage/test262/test/built-ins/Temporal/PlainYearMonth/prototype/add/order-of-operations.js

Compress: tasks/coverage/test262/test/built-ins/Temporal/PlainYearMonth/prototype/since/order-of-operations.js

Compress: tasks/coverage/test262/test/built-ins/Temporal/PlainYearMonth/prototype/subtract/options-read-before-algorithmic-validation.js

Compress: tasks/coverage/test262/test/built-ins/Temporal/PlainYearMonth/prototype/subtract/order-of-operations.js

Compress: tasks/coverage/test262/test/built-ins/Temporal/PlainYearMonth/prototype/until/order-of-operations.js

Compress: tasks/coverage/test262/test/built-ins/Temporal/PlainYearMonth/prototype/with/order-of-operations.js

Compress: tasks/coverage/test262/test/built-ins/Temporal/ZonedDateTime/from/order-of-operations.js

Compress: tasks/coverage/test262/test/built-ins/Temporal/ZonedDateTime/prototype/add/order-of-operations.js

Compress: tasks/coverage/test262/test/built-ins/Temporal/ZonedDateTime/prototype/round/order-of-operations.js

Compress: tasks/coverage/test262/test/built-ins/Temporal/ZonedDateTime/prototype/since/argument-at-limits.js

Compress: tasks/coverage/test262/test/built-ins/Temporal/ZonedDateTime/prototype/since/order-of-operations.js

Compress: tasks/coverage/test262/test/built-ins/Temporal/ZonedDateTime/prototype/subtract/order-of-operations.js

Compress: tasks/coverage/test262/test/built-ins/Temporal/ZonedDateTime/prototype/toString/order-of-operations.js

Compress: tasks/coverage/test262/test/built-ins/Temporal/ZonedDateTime/prototype/until/argument-at-limits.js

Compress: tasks/coverage/test262/test/built-ins/Temporal/ZonedDateTime/prototype/until/order-of-operations.js

Compress: tasks/coverage/test262/test/built-ins/Temporal/ZonedDateTime/prototype/with/order-of-operations.js

Compress: tasks/coverage/test262/test/built-ins/Temporal/ZonedDateTime/prototype/withPlainTime/order-of-operations.js

Compress: tasks/coverage/test262/test/built-ins/TypedArray/from/iterated-array-changed-by-tonumber.js

Compress: tasks/coverage/test262/test/built-ins/TypedArray/of/resized-with-out-of-bounds-and-in-bounds-indices.js

Compress: tasks/coverage/test262/test/built-ins/TypedArray/prototype/fill/absent-indices-computed-from-initial-length.js

Compress: tasks/coverage/test262/test/built-ins/TypedArray/prototype/includes/index-compared-against-initial-length-out-of-bounds.js

Compress: tasks/coverage/test262/test/built-ins/TypedArray/prototype/includes/index-compared-against-initial-length.js

Compress: tasks/coverage/test262/test/built-ins/TypedArray/prototype/includes/search-undefined-after-shrinking-buffer-index-is-oob.js

Compress: tasks/coverage/test262/test/built-ins/TypedArray/prototype/includes/search-undefined-after-shrinking-buffer.js

Compress: tasks/coverage/test262/test/built-ins/TypedArray/prototype/set/target-grow-mid-iteration.js

Compress: tasks/coverage/test262/test/built-ins/TypedArray/prototype/set/target-grow-source-length-getter.js

Compress: tasks/coverage/test262/test/built-ins/TypedArray/prototype/set/target-shrink-mid-iteration.js

Compress: tasks/coverage/test262/test/built-ins/TypedArray/prototype/set/target-shrink-source-length-getter.js

Compress: tasks/coverage/test262/test/built-ins/TypedArray/prototype/sort/comparefn-resizable-buffer.js

Compress: tasks/coverage/test262/test/built-ins/TypedArray/prototype/sort/sort-tonumber.js

Compress: tasks/coverage/test262/test/built-ins/TypedArray/prototype/subarray/result-byteOffset-from-out-of-bounds.js

Compress: tasks/coverage/test262/test/built-ins/TypedArrayConstructors/ctors/buffer-arg/resizable-out-of-bounds.js

Compress: tasks/coverage/test262/test/built-ins/TypedArrayConstructors/ctors/object-arg/iterated-array-changed-by-tonumber.js

Compress: tasks/coverage/test262/test/built-ins/TypedArrayConstructors/internals/Set/resized-out-of-bounds-to-in-bounds-index.js

Compress: tasks/coverage/test262/test/built-ins/undefined/15.1.1.3-2.js

Compress: tasks/coverage/test262/test/intl402/Collator/this-value-ignored.js

Compress: tasks/coverage/test262/test/intl402/DateTimeFormat/prototype/formatRange/date-undefined-throws.js

Compress: tasks/coverage/test262/test/intl402/DateTimeFormat/prototype/formatRangeToParts/date-undefined-throws.js

Compress: tasks/coverage/test262/test/intl402/DateTimeFormat/this-value-ignored.js

Compress: tasks/coverage/test262/test/intl402/DurationFormat/prototype/formatToParts/formatToParts-style-default-en.js

Compress: tasks/coverage/test262/test/intl402/DurationFormat/prototype/formatToParts/formatToParts-style-digital-en.js

Compress: tasks/coverage/test262/test/intl402/DurationFormat/prototype/formatToParts/formatToParts-style-long-en.js

Compress: tasks/coverage/test262/test/intl402/DurationFormat/prototype/formatToParts/formatToParts-style-narrow-en.js

Compress: tasks/coverage/test262/test/intl402/DurationFormat/prototype/formatToParts/formatToParts-style-short-en.js

Compress: tasks/coverage/test262/test/intl402/Intl/getCanonicalLocales/transformed-ext-invalid.js

Compress: tasks/coverage/test262/test/intl402/Intl/getCanonicalLocales/unicode-ext-key-with-digit.js

Compress: tasks/coverage/test262/test/intl402/NumberFormat/test-option-currency.js

Compress: tasks/coverage/test262/test/intl402/NumberFormat/this-value-ignored.js

Compress: tasks/coverage/test262/test/intl402/Temporal/Duration/prototype/total/dst-balancing-result.js

Compress: tasks/coverage/test262/test/intl402/Temporal/PlainDate/from/roundtrip-from-iso.js

Compress: tasks/coverage/test262/test/intl402/Temporal/PlainDate/from/roundtrip-from-property-bag.js

Compress: tasks/coverage/test262/test/intl402/Temporal/PlainDateTime/from/roundtrip-from-property-bag.js

Compress: tasks/coverage/test262/test/intl402/Temporal/PlainDateTime/prototype/toZonedDateTime/order-of-operations.js

Compress: tasks/coverage/test262/test/intl402/Temporal/PlainMonthDay/from/reference-date-noniso-calendar.js

Compress: tasks/coverage/test262/test/intl402/Temporal/PlainYearMonth/from/roundtrip-from-property-bag.js

Compress: tasks/coverage/test262/test/intl402/Temporal/ZonedDateTime/from/roundtrip-from-property-bag.js

Compress: tasks/coverage/test262/test/intl402/Temporal/ZonedDateTime/prototype/since/argument-at-limits.js

Compress: tasks/coverage/test262/test/intl402/Temporal/ZonedDateTime/prototype/until/argument-at-limits.js

Compress: tasks/coverage/test262/test/intl402/Temporal/ZonedDateTime/prototype/until/dst-rounding-result.js

Compress: tasks/coverage/test262/test/language/block-scope/leave/outermost-binding-updated-in-catch-block-nested-block-let-declaration-unseen-outside-of-block.js

Compress: tasks/coverage/test262/test/language/expressions/class/elements/after-same-line-gen-rs-static-method-privatename-identifier-alt.js

Compress: tasks/coverage/test262/test/language/expressions/class/elements/after-same-line-gen-rs-static-privatename-identifier-alt-by-classname.js

Compress: tasks/coverage/test262/test/language/expressions/class/elements/after-same-line-gen-rs-static-privatename-identifier-alt.js

Compress: tasks/coverage/test262/test/language/expressions/class/elements/after-same-line-method-rs-static-method-privatename-identifier-alt.js

Compress: tasks/coverage/test262/test/language/expressions/class/elements/after-same-line-method-rs-static-privatename-identifier-alt-by-classname.js

Compress: tasks/coverage/test262/test/language/expressions/class/elements/after-same-line-method-rs-static-privatename-identifier-alt.js

Compress: tasks/coverage/test262/test/language/expressions/class/elements/after-same-line-static-async-gen-rs-static-method-privatename-identifier-alt.js

Compress: tasks/coverage/test262/test/language/expressions/class/elements/after-same-line-static-async-gen-rs-static-privatename-identifier-alt-by-classname.js

Compress: tasks/coverage/test262/test/language/expressions/class/elements/after-same-line-static-async-gen-rs-static-privatename-identifier-alt.js

Compress: tasks/coverage/test262/test/language/expressions/class/elements/after-same-line-static-async-method-rs-static-method-privatename-identifier-alt.js

Compress: tasks/coverage/test262/test/language/expressions/class/elements/after-same-line-static-async-method-rs-static-privatename-identifier-alt-by-classname.js

Compress: tasks/coverage/test262/test/language/expressions/class/elements/after-same-line-static-async-method-rs-static-privatename-identifier-alt.js

Compress: tasks/coverage/test262/test/language/expressions/class/elements/after-same-line-static-gen-rs-static-method-privatename-identifier-alt.js

Compress: tasks/coverage/test262/test/language/expressions/class/elements/after-same-line-static-gen-rs-static-privatename-identifier-alt-by-classname.js

Compress: tasks/coverage/test262/test/language/expressions/class/elements/after-same-line-static-gen-rs-static-privatename-identifier-alt.js

Compress: tasks/coverage/test262/test/language/expressions/class/elements/after-same-line-static-method-rs-static-method-privatename-identifier-alt.js

Compress: tasks/coverage/test262/test/language/expressions/class/elements/after-same-line-static-method-rs-static-privatename-identifier-alt-by-classname.js

Compress: tasks/coverage/test262/test/language/expressions/class/elements/after-same-line-static-method-rs-static-privatename-identifier-alt.js

Compress: tasks/coverage/test262/test/language/expressions/class/elements/multiple-definitions-rs-static-method-privatename-identifier-alt.js

Compress: tasks/coverage/test262/test/language/expressions/class/elements/multiple-definitions-rs-static-privatename-identifier-alt-by-classname.js

Compress: tasks/coverage/test262/test/language/expressions/class/elements/multiple-definitions-rs-static-privatename-identifier-alt.js

Compress: tasks/coverage/test262/test/language/expressions/class/elements/multiple-stacked-definitions-rs-static-method-privatename-identifier-alt.js

Compress: tasks/coverage/test262/test/language/expressions/class/elements/multiple-stacked-definitions-rs-static-privatename-identifier-alt-by-classname.js

Compress: tasks/coverage/test262/test/language/expressions/class/elements/multiple-stacked-definitions-rs-static-privatename-identifier-alt.js

Compress: tasks/coverage/test262/test/language/expressions/class/elements/new-no-sc-line-method-rs-static-method-privatename-identifier-alt.js

Compress: tasks/coverage/test262/test/language/expressions/class/elements/new-no-sc-line-method-rs-static-privatename-identifier-alt-by-classname.js

Compress: tasks/coverage/test262/test/language/expressions/class/elements/new-no-sc-line-method-rs-static-privatename-identifier-alt.js

Compress: tasks/coverage/test262/test/language/expressions/class/elements/new-sc-line-gen-rs-static-method-privatename-identifier-alt.js

Compress: tasks/coverage/test262/test/language/expressions/class/elements/new-sc-line-gen-rs-static-privatename-identifier-alt-by-classname.js

Compress: tasks/coverage/test262/test/language/expressions/class/elements/new-sc-line-gen-rs-static-privatename-identifier-alt.js

Compress: tasks/coverage/test262/test/language/expressions/class/elements/new-sc-line-method-rs-static-method-privatename-identifier-alt.js

Compress: tasks/coverage/test262/test/language/expressions/class/elements/new-sc-line-method-rs-static-privatename-identifier-alt-by-classname.js

Compress: tasks/coverage/test262/test/language/expressions/class/elements/new-sc-line-method-rs-static-privatename-identifier-alt.js

Compress: tasks/coverage/test262/test/language/expressions/class/elements/regular-definitions-rs-static-method-privatename-identifier-alt.js

Compress: tasks/coverage/test262/test/language/expressions/class/elements/regular-definitions-rs-static-privatename-identifier-alt-by-classname.js

Compress: tasks/coverage/test262/test/language/expressions/class/elements/regular-definitions-rs-static-privatename-identifier-alt.js

Compress: tasks/coverage/test262/test/language/expressions/class/elements/same-line-async-gen-rs-static-method-privatename-identifier-alt.js

Compress: tasks/coverage/test262/test/language/expressions/class/elements/same-line-async-gen-rs-static-privatename-identifier-alt-by-classname.js

Compress: tasks/coverage/test262/test/language/expressions/class/elements/same-line-async-gen-rs-static-privatename-identifier-alt.js

Compress: tasks/coverage/test262/test/language/expressions/class/elements/same-line-async-method-rs-static-method-privatename-identifier-alt.js

Compress: tasks/coverage/test262/test/language/expressions/class/elements/same-line-async-method-rs-static-privatename-identifier-alt-by-classname.js

Compress: tasks/coverage/test262/test/language/expressions/class/elements/same-line-async-method-rs-static-privatename-identifier-alt.js

Compress: tasks/coverage/test262/test/language/expressions/class/elements/same-line-gen-rs-static-method-privatename-identifier-alt.js

Compress: tasks/coverage/test262/test/language/expressions/class/elements/same-line-gen-rs-static-privatename-identifier-alt-by-classname.js

Compress: tasks/coverage/test262/test/language/expressions/class/elements/same-line-gen-rs-static-privatename-identifier-alt.js

Compress: tasks/coverage/test262/test/language/expressions/class/elements/same-line-method-rs-static-method-privatename-identifier-alt.js

Compress: tasks/coverage/test262/test/language/expressions/class/elements/same-line-method-rs-static-privatename-identifier-alt-by-classname.js

Compress: tasks/coverage/test262/test/language/expressions/class/elements/same-line-method-rs-static-privatename-identifier-alt.js

Compress: tasks/coverage/test262/test/language/expressions/class/elements/wrapped-in-sc-rs-static-method-privatename-identifier-alt.js

Compress: tasks/coverage/test262/test/language/expressions/class/elements/wrapped-in-sc-rs-static-privatename-identifier-alt-by-classname.js

Compress: tasks/coverage/test262/test/language/expressions/class/elements/wrapped-in-sc-rs-static-privatename-identifier-alt.js

Compress: tasks/coverage/test262/test/language/expressions/dynamic-import/assignment-expression/new-target.js

Compress: tasks/coverage/test262/test/language/module-code/namespace/internals/own-property-keys-sort.js

Compress: tasks/coverage/test262/test/language/module-code/top-level-await/while-dynamic-evaluation.js

Compress: tasks/coverage/test262/test/language/statements/async-generator/return-undefined-implicit-and-explicit.js

Compress: tasks/coverage/test262/test/language/statements/class/elements/after-same-line-gen-rs-static-method-privatename-identifier-alt.js

Compress: tasks/coverage/test262/test/language/statements/class/elements/after-same-line-gen-rs-static-privatename-identifier-alt-by-classname.js

Compress: tasks/coverage/test262/test/language/statements/class/elements/after-same-line-gen-rs-static-privatename-identifier-alt.js

Compress: tasks/coverage/test262/test/language/statements/class/elements/after-same-line-method-rs-static-method-privatename-identifier-alt.js

Compress: tasks/coverage/test262/test/language/statements/class/elements/after-same-line-method-rs-static-privatename-identifier-alt-by-classname.js

Compress: tasks/coverage/test262/test/language/statements/class/elements/after-same-line-method-rs-static-privatename-identifier-alt.js

Compress: tasks/coverage/test262/test/language/statements/class/elements/after-same-line-static-async-gen-rs-static-method-privatename-identifier-alt.js

Compress: tasks/coverage/test262/test/language/statements/class/elements/after-same-line-static-async-gen-rs-static-privatename-identifier-alt-by-classname.js

Compress: tasks/coverage/test262/test/language/statements/class/elements/after-same-line-static-async-gen-rs-static-privatename-identifier-alt.js

Compress: tasks/coverage/test262/test/language/statements/class/elements/after-same-line-static-async-method-rs-static-method-privatename-identifier-alt.js

Compress: tasks/coverage/test262/test/language/statements/class/elements/after-same-line-static-async-method-rs-static-privatename-identifier-alt-by-classname.js

Compress: tasks/coverage/test262/test/language/statements/class/elements/after-same-line-static-async-method-rs-static-privatename-identifier-alt.js

Compress: tasks/coverage/test262/test/language/statements/class/elements/after-same-line-static-gen-rs-static-method-privatename-identifier-alt.js

Compress: tasks/coverage/test262/test/language/statements/class/elements/after-same-line-static-gen-rs-static-privatename-identifier-alt-by-classname.js

Compress: tasks/coverage/test262/test/language/statements/class/elements/after-same-line-static-gen-rs-static-privatename-identifier-alt.js

Compress: tasks/coverage/test262/test/language/statements/class/elements/after-same-line-static-method-rs-static-method-privatename-identifier-alt.js

Compress: tasks/coverage/test262/test/language/statements/class/elements/after-same-line-static-method-rs-static-privatename-identifier-alt-by-classname.js

Compress: tasks/coverage/test262/test/language/statements/class/elements/after-same-line-static-method-rs-static-privatename-identifier-alt.js

Compress: tasks/coverage/test262/test/language/statements/class/elements/multiple-definitions-rs-static-method-privatename-identifier-alt.js

Compress: tasks/coverage/test262/test/language/statements/class/elements/multiple-definitions-rs-static-privatename-identifier-alt-by-classname.js

Compress: tasks/coverage/test262/test/language/statements/class/elements/multiple-definitions-rs-static-privatename-identifier-alt.js

Compress: tasks/coverage/test262/test/language/statements/class/elements/multiple-stacked-definitions-rs-static-method-privatename-identifier-alt.js

Compress: tasks/coverage/test262/test/language/statements/class/elements/multiple-stacked-definitions-rs-static-privatename-identifier-alt-by-classname.js

Compress: tasks/coverage/test262/test/language/statements/class/elements/multiple-stacked-definitions-rs-static-privatename-identifier-alt.js

Compress: tasks/coverage/test262/test/language/statements/class/elements/new-no-sc-line-method-rs-static-method-privatename-identifier-alt.js

Compress: tasks/coverage/test262/test/language/statements/class/elements/new-no-sc-line-method-rs-static-privatename-identifier-alt-by-classname.js

Compress: tasks/coverage/test262/test/language/statements/class/elements/new-no-sc-line-method-rs-static-privatename-identifier-alt.js

Compress: tasks/coverage/test262/test/language/statements/class/elements/new-sc-line-gen-rs-static-method-privatename-identifier-alt.js

Compress: tasks/coverage/test262/test/language/statements/class/elements/new-sc-line-gen-rs-static-privatename-identifier-alt-by-classname.js

Compress: tasks/coverage/test262/test/language/statements/class/elements/new-sc-line-gen-rs-static-privatename-identifier-alt.js

Compress: tasks/coverage/test262/test/language/statements/class/elements/new-sc-line-method-rs-static-method-privatename-identifier-alt.js

Compress: tasks/coverage/test262/test/language/statements/class/elements/new-sc-line-method-rs-static-privatename-identifier-alt-by-classname.js

Compress: tasks/coverage/test262/test/language/statements/class/elements/new-sc-line-method-rs-static-privatename-identifier-alt.js

Compress: tasks/coverage/test262/test/language/statements/class/elements/private-accessor-is-visible-in-computed-properties.js

Compress: tasks/coverage/test262/test/language/statements/class/elements/private-field-is-visible-in-computed-properties.js

Compress: tasks/coverage/test262/test/language/statements/class/elements/private-field-with-initialized-id-is-visible-in-computed-properties.js

Compress: tasks/coverage/test262/test/language/statements/class/elements/private-method-is-visible-in-computed-properties.js

Compress: tasks/coverage/test262/test/language/statements/class/elements/regular-definitions-rs-static-method-privatename-identifier-alt.js

Compress: tasks/coverage/test262/test/language/statements/class/elements/regular-definitions-rs-static-privatename-identifier-alt-by-classname.js

Compress: tasks/coverage/test262/test/language/statements/class/elements/regular-definitions-rs-static-privatename-identifier-alt.js

Compress: tasks/coverage/test262/test/language/statements/class/elements/same-line-async-gen-rs-static-method-privatename-identifier-alt.js

Compress: tasks/coverage/test262/test/language/statements/class/elements/same-line-async-gen-rs-static-privatename-identifier-alt-by-classname.js

Compress: tasks/coverage/test262/test/language/statements/class/elements/same-line-async-gen-rs-static-privatename-identifier-alt.js

Compress: tasks/coverage/test262/test/language/statements/class/elements/same-line-async-method-rs-static-method-privatename-identifier-alt.js

Compress: tasks/coverage/test262/test/language/statements/class/elements/same-line-async-method-rs-static-privatename-identifier-alt-by-classname.js

Compress: tasks/coverage/test262/test/language/statements/class/elements/same-line-async-method-rs-static-privatename-identifier-alt.js

Compress: tasks/coverage/test262/test/language/statements/class/elements/same-line-gen-rs-static-method-privatename-identifier-alt.js

Compress: tasks/coverage/test262/test/language/statements/class/elements/same-line-gen-rs-static-privatename-identifier-alt-by-classname.js

Compress: tasks/coverage/test262/test/language/statements/class/elements/same-line-gen-rs-static-privatename-identifier-alt.js

Compress: tasks/coverage/test262/test/language/statements/class/elements/same-line-method-rs-static-method-privatename-identifier-alt.js

Compress: tasks/coverage/test262/test/language/statements/class/elements/same-line-method-rs-static-privatename-identifier-alt-by-classname.js

Compress: tasks/coverage/test262/test/language/statements/class/elements/same-line-method-rs-static-privatename-identifier-alt.js

Compress: tasks/coverage/test262/test/language/statements/class/elements/wrapped-in-sc-rs-static-method-privatename-identifier-alt.js

Compress: tasks/coverage/test262/test/language/statements/class/elements/wrapped-in-sc-rs-static-privatename-identifier-alt-by-classname.js

Compress: tasks/coverage/test262/test/language/statements/class/elements/wrapped-in-sc-rs-static-privatename-identifier-alt.js

Compress: tasks/coverage/test262/test/language/statements/class/subclass/derived-class-return-override-for-of-arrow.js

Compress: tasks/coverage/test262/test/language/statements/try/completion-values-fn-finally-abrupt.js

Compress: tasks/coverage/test262/test/language/statements/variable/S12.2_A1.js

