commit: be13516f

transformer_test262 Summary:
AST Parsed     : 47435/47435 (100.00%)
Positive Passed: 47024/47435 (99.13%)
Mismatch: tasks/coverage/test262/test/annexB/language/comments/multi-line-html-close.js

Mismatch: tasks/coverage/test262/test/built-ins/Array/fromAsync/async-iterable-async-mapped-awaits-once.js

Mismatch: tasks/coverage/test262/test/built-ins/Array/fromAsync/async-iterable-input-does-not-await-input.js

Mismatch: tasks/coverage/test262/test/built-ins/Array/fromAsync/asyncitems-array-add-to-empty.js

Mismatch: tasks/coverage/test262/test/built-ins/Array/fromAsync/asyncitems-array-add-to-singleton.js

Mismatch: tasks/coverage/test262/test/built-ins/Array/fromAsync/asyncitems-array-add.js

Mismatch: tasks/coverage/test262/test/built-ins/Array/fromAsync/asyncitems-array-mutate.js

Mismatch: tasks/coverage/test262/test/built-ins/Array/fromAsync/asyncitems-array-remove.js

Mismatch: tasks/coverage/test262/test/built-ins/Array/fromAsync/asyncitems-arraylike-too-long.js

Mismatch: tasks/coverage/test262/test/built-ins/Array/fromAsync/asyncitems-uses-intrinsic-iterator-symbols.js

Mismatch: tasks/coverage/test262/test/built-ins/Array/fromAsync/non-iterable-input-does-not-use-array-prototype.js

Mismatch: tasks/coverage/test262/test/built-ins/Array/fromAsync/non-iterable-input-with-thenable-async-mapped-awaits-callback-result-once.js

Mismatch: tasks/coverage/test262/test/built-ins/Array/fromAsync/this-constructor-operations.js

Mismatch: tasks/coverage/test262/test/built-ins/Array/fromAsync/this-constructor-with-readonly-elements.js

Mismatch: tasks/coverage/test262/test/built-ins/Array/fromAsync/this-constructor.js

Mismatch: tasks/coverage/test262/test/built-ins/Array/prototype/at/returns-undefined-for-out-of-range-index.js

Mismatch: tasks/coverage/test262/test/built-ins/Array/prototype/every/15.4.4.16-1-1.js

Mismatch: tasks/coverage/test262/test/built-ins/Array/prototype/every/15.4.4.16-1-2.js

Mismatch: tasks/coverage/test262/test/built-ins/Array/prototype/filter/15.4.4.20-1-1.js

Mismatch: tasks/coverage/test262/test/built-ins/Array/prototype/filter/15.4.4.20-9-b-1.js

Mismatch: tasks/coverage/test262/test/built-ins/Array/prototype/filter/15.4.4.20-9-c-ii-2.js

Mismatch: tasks/coverage/test262/test/built-ins/Array/prototype/filter/15.4.4.20-9-c-iii-1.js

Mismatch: tasks/coverage/test262/test/built-ins/Array/prototype/flatMap/array-like-objects.js

Mismatch: tasks/coverage/test262/test/built-ins/Array/prototype/forEach/15.4.4.18-1-1.js

Mismatch: tasks/coverage/test262/test/built-ins/Array/prototype/forEach/15.4.4.18-1-2.js

Mismatch: tasks/coverage/test262/test/built-ins/Array/prototype/forEach/15.4.4.18-7-c-ii-2.js

Mismatch: tasks/coverage/test262/test/built-ins/Array/prototype/indexOf/15.4.4.14-10-1.js

Mismatch: tasks/coverage/test262/test/built-ins/Array/prototype/indexOf/15.4.4.14-5-12.js

Mismatch: tasks/coverage/test262/test/built-ins/Array/prototype/indexOf/15.4.4.14-5-16.js

Mismatch: tasks/coverage/test262/test/built-ins/Array/prototype/indexOf/15.4.4.14-9-9.js

Mismatch: tasks/coverage/test262/test/built-ins/Array/prototype/lastIndexOf/15.4.4.15-5-12.js

Mismatch: tasks/coverage/test262/test/built-ins/Array/prototype/lastIndexOf/15.4.4.15-5-16.js

Mismatch: tasks/coverage/test262/test/built-ins/Array/prototype/lastIndexOf/15.4.4.15-8-9.js

Mismatch: tasks/coverage/test262/test/built-ins/Array/prototype/map/15.4.4.19-1-1.js

Mismatch: tasks/coverage/test262/test/built-ins/Array/prototype/map/15.4.4.19-1-2.js

Mismatch: tasks/coverage/test262/test/built-ins/Array/prototype/map/15.4.4.19-8-b-1.js

Mismatch: tasks/coverage/test262/test/built-ins/Array/prototype/map/15.4.4.19-8-c-ii-2.js

Mismatch: tasks/coverage/test262/test/built-ins/Array/prototype/map/15.4.4.19-8-c-iii-1.js

Mismatch: tasks/coverage/test262/test/built-ins/Array/prototype/reduce/15.4.4.21-9-c-1.js

Mismatch: tasks/coverage/test262/test/built-ins/Array/prototype/reduceRight/15.4.4.22-9-c-1.js

Mismatch: tasks/coverage/test262/test/built-ins/Array/prototype/sort/resizable-buffer-default-comparator.js

Mismatch: tasks/coverage/test262/test/built-ins/Array/prototype/toString/non-callable-join-string-tag.js

Mismatch: tasks/coverage/test262/test/built-ins/Atomics/notify/bigint/null-bufferdata-throws.js

Mismatch: tasks/coverage/test262/test/built-ins/Atomics/notify/negative-count.js

Mismatch: tasks/coverage/test262/test/built-ins/Atomics/notify/non-views.js

Mismatch: tasks/coverage/test262/test/built-ins/Atomics/notify/null-bufferdata-throws.js

Mismatch: tasks/coverage/test262/test/built-ins/Atomics/wait/bigint/null-bufferdata-throws.js

Mismatch: tasks/coverage/test262/test/built-ins/Atomics/wait/null-bufferdata-throws.js

Mismatch: tasks/coverage/test262/test/built-ins/Atomics/wait/undefined-index-defaults-to-zero.js

Mismatch: tasks/coverage/test262/test/built-ins/Atomics/waitAsync/bigint/null-bufferdata-throws.js

Mismatch: tasks/coverage/test262/test/built-ins/Atomics/waitAsync/null-bufferdata-throws.js

Mismatch: tasks/coverage/test262/test/built-ins/DataView/prototype/getFloat16/return-infinity.js

Mismatch: tasks/coverage/test262/test/built-ins/DataView/prototype/getFloat16/return-nan.js

Mismatch: tasks/coverage/test262/test/built-ins/DataView/prototype/getFloat16/return-values-custom-offset.js

Mismatch: tasks/coverage/test262/test/built-ins/DataView/prototype/getFloat16/return-values.js

Mismatch: tasks/coverage/test262/test/built-ins/DataView/prototype/getInt32/return-values-sab.js

Mismatch: tasks/coverage/test262/test/built-ins/DataView/prototype/getInt32/return-values.js

Mismatch: tasks/coverage/test262/test/built-ins/DataView/prototype/setFloat16/set-values-little-endian-order.js

Mismatch: tasks/coverage/test262/test/built-ins/DataView/prototype/setFloat16/to-boolean-littleendian.js

Mismatch: tasks/coverage/test262/test/built-ins/FinalizationRegistry/prototype/unregister/unregister-object-token.js

Mismatch: tasks/coverage/test262/test/built-ins/FinalizationRegistry/prototype/unregister/unregister-symbol-token.js

Mismatch: tasks/coverage/test262/test/built-ins/Function/prototype/toString/async-function-expression.js

Mismatch: tasks/coverage/test262/test/built-ins/Function/prototype/toString/async-generator-expression.js

Mismatch: tasks/coverage/test262/test/built-ins/Function/prototype/toString/async-generator-method-class-expression-static.js

Mismatch: tasks/coverage/test262/test/built-ins/Function/prototype/toString/async-generator-method-class-expression.js

Mismatch: tasks/coverage/test262/test/built-ins/Function/prototype/toString/async-generator-method-class-statement-static.js

Mismatch: tasks/coverage/test262/test/built-ins/Function/prototype/toString/async-generator-method-class-statement.js

Mismatch: tasks/coverage/test262/test/built-ins/Function/prototype/toString/async-generator-method-object.js

Mismatch: tasks/coverage/test262/test/built-ins/Function/prototype/toString/async-method-class-expression-static.js

Mismatch: tasks/coverage/test262/test/built-ins/Function/prototype/toString/async-method-class-expression.js

Mismatch: tasks/coverage/test262/test/built-ins/Function/prototype/toString/async-method-class-statement-static.js

Mismatch: tasks/coverage/test262/test/built-ins/Function/prototype/toString/async-method-class-statement.js

Mismatch: tasks/coverage/test262/test/built-ins/Function/prototype/toString/async-method-object.js

Mismatch: tasks/coverage/test262/test/built-ins/Function/prototype/toString/class-declaration-explicit-ctor.js

Mismatch: tasks/coverage/test262/test/built-ins/Function/prototype/toString/class-declaration-implicit-ctor.js

Mismatch: tasks/coverage/test262/test/built-ins/Function/prototype/toString/class-expression-explicit-ctor.js

Mismatch: tasks/coverage/test262/test/built-ins/Function/prototype/toString/class-expression-implicit-ctor.js

Mismatch: tasks/coverage/test262/test/built-ins/Function/prototype/toString/generator-method.js

Mismatch: tasks/coverage/test262/test/built-ins/Function/prototype/toString/getter-class-expression-static.js

Mismatch: tasks/coverage/test262/test/built-ins/Function/prototype/toString/getter-class-expression.js

Mismatch: tasks/coverage/test262/test/built-ins/Function/prototype/toString/getter-class-statement-static.js

Mismatch: tasks/coverage/test262/test/built-ins/Function/prototype/toString/getter-class-statement.js

Mismatch: tasks/coverage/test262/test/built-ins/Function/prototype/toString/getter-object.js

Mismatch: tasks/coverage/test262/test/built-ins/Function/prototype/toString/method-class-expression-static.js

Mismatch: tasks/coverage/test262/test/built-ins/Function/prototype/toString/method-class-expression.js

Mismatch: tasks/coverage/test262/test/built-ins/Function/prototype/toString/method-class-statement-static.js

Mismatch: tasks/coverage/test262/test/built-ins/Function/prototype/toString/method-class-statement.js

Mismatch: tasks/coverage/test262/test/built-ins/Function/prototype/toString/method-computed-property-name.js

Mismatch: tasks/coverage/test262/test/built-ins/Function/prototype/toString/method-object.js

Mismatch: tasks/coverage/test262/test/built-ins/JSON/parse/15.12.1.1-0-1.js

Mismatch: tasks/coverage/test262/test/built-ins/JSON/parse/15.12.1.1-0-2.js

Mismatch: tasks/coverage/test262/test/built-ins/JSON/parse/15.12.1.1-0-3.js

Mismatch: tasks/coverage/test262/test/built-ins/JSON/parse/15.12.1.1-0-4.js

Mismatch: tasks/coverage/test262/test/built-ins/JSON/parse/15.12.1.1-0-5.js

Mismatch: tasks/coverage/test262/test/built-ins/JSON/parse/15.12.1.1-0-6.js

Mismatch: tasks/coverage/test262/test/built-ins/JSON/parse/15.12.1.1-0-8.js

Mismatch: tasks/coverage/test262/test/built-ins/JSON/parse/15.12.1.1-0-9.js

Mismatch: tasks/coverage/test262/test/built-ins/JSON/parse/15.12.1.1-g4-1.js

Mismatch: tasks/coverage/test262/test/built-ins/JSON/parse/15.12.1.1-g4-2.js

Mismatch: tasks/coverage/test262/test/built-ins/JSON/parse/15.12.1.1-g4-3.js

Mismatch: tasks/coverage/test262/test/built-ins/JSON/parse/15.12.1.1-g4-4.js

Mismatch: tasks/coverage/test262/test/built-ins/Math/atan2/S15.8.2.5_A14.js

Mismatch: tasks/coverage/test262/test/built-ins/Math/atan2/S15.8.2.5_A16.js

Mismatch: tasks/coverage/test262/test/built-ins/Math/pow/applying-the-exp-operator_A1.js

Mismatch: tasks/coverage/test262/test/built-ins/Math/pow/applying-the-exp-operator_A11.js

Mismatch: tasks/coverage/test262/test/built-ins/Math/pow/applying-the-exp-operator_A12.js

Mismatch: tasks/coverage/test262/test/built-ins/Math/pow/applying-the-exp-operator_A14.js

Mismatch: tasks/coverage/test262/test/built-ins/Math/pow/applying-the-exp-operator_A16.js

Mismatch: tasks/coverage/test262/test/built-ins/Math/pow/applying-the-exp-operator_A17.js

Mismatch: tasks/coverage/test262/test/built-ins/Math/pow/applying-the-exp-operator_A18.js

Mismatch: tasks/coverage/test262/test/built-ins/Math/pow/applying-the-exp-operator_A2.js

Mismatch: tasks/coverage/test262/test/built-ins/Math/pow/applying-the-exp-operator_A20.js

Mismatch: tasks/coverage/test262/test/built-ins/Math/pow/applying-the-exp-operator_A22.js

Mismatch: tasks/coverage/test262/test/built-ins/Math/pow/applying-the-exp-operator_A23.js

Mismatch: tasks/coverage/test262/test/built-ins/Math/pow/applying-the-exp-operator_A3.js

Mismatch: tasks/coverage/test262/test/built-ins/Math/pow/applying-the-exp-operator_A4.js

Mismatch: tasks/coverage/test262/test/built-ins/Math/pow/applying-the-exp-operator_A5.js

Mismatch: tasks/coverage/test262/test/built-ins/Math/pow/applying-the-exp-operator_A6.js

Mismatch: tasks/coverage/test262/test/built-ins/Object/assign/target-Array.js

Mismatch: tasks/coverage/test262/test/built-ins/Object/defineProperties/15.2.3.7-6-a-161.js

Mismatch: tasks/coverage/test262/test/built-ins/Object/defineProperties/15.2.3.7-6-a-162.js

Mismatch: tasks/coverage/test262/test/built-ins/Object/defineProperties/15.2.3.7-6-a-167.js

Mismatch: tasks/coverage/test262/test/built-ins/Object/defineProperties/15.2.3.7-6-a-206.js

Mismatch: tasks/coverage/test262/test/built-ins/Object/defineProperties/15.2.3.7-6-a-208.js

Mismatch: tasks/coverage/test262/test/built-ins/Object/defineProperties/15.2.3.7-6-a-231.js

Mismatch: tasks/coverage/test262/test/built-ins/Object/defineProperties/15.2.3.7-6-a-263.js

Mismatch: tasks/coverage/test262/test/built-ins/Object/defineProperties/15.2.3.7-6-a-264.js

Mismatch: tasks/coverage/test262/test/built-ins/Object/defineProperties/15.2.3.7-6-a-269.js

Mismatch: tasks/coverage/test262/test/built-ins/Object/defineProperties/15.2.3.7-6-a-38.js

Mismatch: tasks/coverage/test262/test/built-ins/Object/defineProperties/15.2.3.7-6-a-39.js

Mismatch: tasks/coverage/test262/test/built-ins/Object/defineProperties/15.2.3.7-6-a-41.js

Mismatch: tasks/coverage/test262/test/built-ins/Object/defineProperties/15.2.3.7-6-a-48.js

Mismatch: tasks/coverage/test262/test/built-ins/Object/defineProperties/15.2.3.7-6-a-50.js

Mismatch: tasks/coverage/test262/test/built-ins/Object/defineProperties/15.2.3.7-6-a-52.js

Mismatch: tasks/coverage/test262/test/built-ins/Object/defineProperties/15.2.3.7-6-a-54.js

Mismatch: tasks/coverage/test262/test/built-ins/Object/defineProperties/15.2.3.7-6-a-94.js

Mismatch: tasks/coverage/test262/test/built-ins/Object/defineProperty/15.2.3.6-4-100.js

Mismatch: tasks/coverage/test262/test/built-ins/Object/defineProperty/15.2.3.6-4-101.js

Mismatch: tasks/coverage/test262/test/built-ins/Object/defineProperty/15.2.3.6-4-102.js

Mismatch: tasks/coverage/test262/test/built-ins/Object/defineProperty/15.2.3.6-4-171.js

Mismatch: tasks/coverage/test262/test/built-ins/Object/defineProperty/15.2.3.6-4-2.js

Mismatch: tasks/coverage/test262/test/built-ins/Object/defineProperty/15.2.3.6-4-210.js

Mismatch: tasks/coverage/test262/test/built-ins/Object/defineProperty/15.2.3.6-4-212.js

Mismatch: tasks/coverage/test262/test/built-ins/Object/defineProperty/15.2.3.6-4-274.js

Mismatch: tasks/coverage/test262/test/built-ins/Object/defineProperty/15.2.3.6-4-275.js

Mismatch: tasks/coverage/test262/test/built-ins/Object/defineProperty/15.2.3.6-4-280.js

Mismatch: tasks/coverage/test262/test/built-ins/Object/defineProperty/15.2.3.6-4-3.js

Mismatch: tasks/coverage/test262/test/built-ins/Object/defineProperty/15.2.3.6-4-4.js

Mismatch: tasks/coverage/test262/test/built-ins/Object/defineProperty/15.2.3.6-4-58.js

Mismatch: tasks/coverage/test262/test/built-ins/Object/defineProperty/15.2.3.6-4-60.js

Mismatch: tasks/coverage/test262/test/built-ins/Object/defineProperty/15.2.3.6-4-66.js

Mismatch: tasks/coverage/test262/test/built-ins/Object/defineProperty/15.2.3.6-4-68.js

Mismatch: tasks/coverage/test262/test/built-ins/Object/defineProperty/15.2.3.6-4-70.js

Mismatch: tasks/coverage/test262/test/built-ins/Object/defineProperty/15.2.3.6-4-72.js

Mismatch: tasks/coverage/test262/test/built-ins/Object/defineProperty/coerced-P-grow.js

Mismatch: tasks/coverage/test262/test/built-ins/Object/defineProperty/coerced-P-shrink.js

Mismatch: tasks/coverage/test262/test/built-ins/Object/entries/inherited-properties-omitted.js

Mismatch: tasks/coverage/test262/test/built-ins/Object/freeze/15.2.3.9-2-a-1.js

Mismatch: tasks/coverage/test262/test/built-ins/Object/freeze/15.2.3.9-2-a-10.js

Mismatch: tasks/coverage/test262/test/built-ins/Object/freeze/15.2.3.9-2-a-2.js

Mismatch: tasks/coverage/test262/test/built-ins/Object/freeze/15.2.3.9-2-a-5.js

Mismatch: tasks/coverage/test262/test/built-ins/Object/freeze/15.2.3.9-2-a-7.js

Mismatch: tasks/coverage/test262/test/built-ins/Object/freeze/15.2.3.9-2-a-8.js

Mismatch: tasks/coverage/test262/test/built-ins/Object/freeze/15.2.3.9-2-a-9.js

Mismatch: tasks/coverage/test262/test/built-ins/Object/freeze/15.2.3.9-4-1.js

Mismatch: tasks/coverage/test262/test/built-ins/Object/freeze/15.2.3.9-4-2.js

Mismatch: tasks/coverage/test262/test/built-ins/Object/freeze/15.2.3.9-4-3.js

Mismatch: tasks/coverage/test262/test/built-ins/Object/getOwnPropertyDescriptors/inherited-properties-omitted.js

Mismatch: tasks/coverage/test262/test/built-ins/Object/seal/object-seal-o-is-frozen-already.js

Mismatch: tasks/coverage/test262/test/built-ins/Object/seal/object-seal-o-is-sealed-already.js

Mismatch: tasks/coverage/test262/test/built-ins/Object/seal/object-seal-p-is-own-data-property.js

Mismatch: tasks/coverage/test262/test/built-ins/Object/seal/object-seal-the-extension-of-o-is-prevented-already.js

Mismatch: tasks/coverage/test262/test/built-ins/Object/values/inherited-properties-omitted.js

Mismatch: tasks/coverage/test262/test/built-ins/Proxy/create-target-is-not-a-constructor.js

Mismatch: tasks/coverage/test262/test/built-ins/RegExp/character-class-escape-non-whitespace.js

Mismatch: tasks/coverage/test262/test/built-ins/RegExp/duplicate-flags.js

Mismatch: tasks/coverage/test262/test/built-ins/RegExp/prototype/exec/failure-g-lastindex-reset.js

Mismatch: tasks/coverage/test262/test/built-ins/String/prototype/at/returns-undefined-for-out-of-range-index.js

Mismatch: tasks/coverage/test262/test/built-ins/Temporal/Duration/compare/order-of-operations.js

Mismatch: tasks/coverage/test262/test/built-ins/Temporal/Duration/prototype/add/order-of-operations.js

Mismatch: tasks/coverage/test262/test/built-ins/Temporal/Duration/prototype/round/options-read-before-algorithmic-validation.js

Mismatch: tasks/coverage/test262/test/built-ins/Temporal/Duration/prototype/round/order-of-operations.js

Mismatch: tasks/coverage/test262/test/built-ins/Temporal/Duration/prototype/subtract/order-of-operations.js

Mismatch: tasks/coverage/test262/test/built-ins/Temporal/Duration/prototype/toString/order-of-operations.js

Mismatch: tasks/coverage/test262/test/built-ins/Temporal/Duration/prototype/total/order-of-operations.js

Mismatch: tasks/coverage/test262/test/built-ins/Temporal/Instant/prototype/since/order-of-operations.js

Mismatch: tasks/coverage/test262/test/built-ins/Temporal/Instant/prototype/toString/order-of-operations.js

Mismatch: tasks/coverage/test262/test/built-ins/Temporal/Instant/prototype/until/order-of-operations.js

Mismatch: tasks/coverage/test262/test/built-ins/Temporal/PlainDate/from/observable-get-overflow-argument-primitive.js

Mismatch: tasks/coverage/test262/test/built-ins/Temporal/PlainDate/from/order-of-operations.js

Mismatch: tasks/coverage/test262/test/built-ins/Temporal/PlainDate/prototype/add/order-of-operations.js

Mismatch: tasks/coverage/test262/test/built-ins/Temporal/PlainDate/prototype/since/order-of-operations.js

Mismatch: tasks/coverage/test262/test/built-ins/Temporal/PlainDate/prototype/subtract/order-of-operations.js

Mismatch: tasks/coverage/test262/test/built-ins/Temporal/PlainDate/prototype/toZonedDateTime/order-of-operations.js

Mismatch: tasks/coverage/test262/test/built-ins/Temporal/PlainDate/prototype/until/order-of-operations.js

Mismatch: tasks/coverage/test262/test/built-ins/Temporal/PlainDate/prototype/with/order-of-operations.js

Mismatch: tasks/coverage/test262/test/built-ins/Temporal/PlainDateTime/from/observable-get-overflow-argument-primitive.js

Mismatch: tasks/coverage/test262/test/built-ins/Temporal/PlainDateTime/from/order-of-operations.js

Mismatch: tasks/coverage/test262/test/built-ins/Temporal/PlainDateTime/prototype/add/order-of-operations.js

Mismatch: tasks/coverage/test262/test/built-ins/Temporal/PlainDateTime/prototype/since/order-of-operations.js

Mismatch: tasks/coverage/test262/test/built-ins/Temporal/PlainDateTime/prototype/subtract/order-of-operations.js

Mismatch: tasks/coverage/test262/test/built-ins/Temporal/PlainDateTime/prototype/toString/order-of-operations.js

Mismatch: tasks/coverage/test262/test/built-ins/Temporal/PlainDateTime/prototype/toZonedDateTime/order-of-operations.js

Mismatch: tasks/coverage/test262/test/built-ins/Temporal/PlainDateTime/prototype/until/order-of-operations.js

Mismatch: tasks/coverage/test262/test/built-ins/Temporal/PlainDateTime/prototype/with/order-of-operations.js

Mismatch: tasks/coverage/test262/test/built-ins/Temporal/PlainMonthDay/from/observable-get-overflow-argument-primitive.js

Mismatch: tasks/coverage/test262/test/built-ins/Temporal/PlainMonthDay/from/order-of-operations.js

Mismatch: tasks/coverage/test262/test/built-ins/Temporal/PlainMonthDay/prototype/with/order-of-operations.js

Mismatch: tasks/coverage/test262/test/built-ins/Temporal/PlainTime/from/order-of-operations.js

Mismatch: tasks/coverage/test262/test/built-ins/Temporal/PlainTime/prototype/add/argument-duration-precision-exact-numerical-values.js

Mismatch: tasks/coverage/test262/test/built-ins/Temporal/PlainTime/prototype/since/order-of-operations.js

Mismatch: tasks/coverage/test262/test/built-ins/Temporal/PlainTime/prototype/subtract/argument-duration-precision-exact-numerical-values.js

Mismatch: tasks/coverage/test262/test/built-ins/Temporal/PlainTime/prototype/toString/order-of-operations.js

Mismatch: tasks/coverage/test262/test/built-ins/Temporal/PlainTime/prototype/until/order-of-operations.js

Mismatch: tasks/coverage/test262/test/built-ins/Temporal/PlainTime/prototype/with/order-of-operations.js

Mismatch: tasks/coverage/test262/test/built-ins/Temporal/PlainYearMonth/from/observable-get-overflow-argument-primitive.js

Mismatch: tasks/coverage/test262/test/built-ins/Temporal/PlainYearMonth/from/order-of-operations.js

Mismatch: tasks/coverage/test262/test/built-ins/Temporal/PlainYearMonth/prototype/add/options-read-before-algorithmic-validation.js

Mismatch: tasks/coverage/test262/test/built-ins/Temporal/PlainYearMonth/prototype/add/order-of-operations.js

Mismatch: tasks/coverage/test262/test/built-ins/Temporal/PlainYearMonth/prototype/since/order-of-operations.js

Mismatch: tasks/coverage/test262/test/built-ins/Temporal/PlainYearMonth/prototype/subtract/options-read-before-algorithmic-validation.js

Mismatch: tasks/coverage/test262/test/built-ins/Temporal/PlainYearMonth/prototype/subtract/order-of-operations.js

Mismatch: tasks/coverage/test262/test/built-ins/Temporal/PlainYearMonth/prototype/until/order-of-operations.js

Mismatch: tasks/coverage/test262/test/built-ins/Temporal/PlainYearMonth/prototype/with/order-of-operations.js

Mismatch: tasks/coverage/test262/test/built-ins/Temporal/ZonedDateTime/from/observable-get-overflow-argument-primitive.js

Mismatch: tasks/coverage/test262/test/built-ins/Temporal/ZonedDateTime/from/order-of-operations.js

Mismatch: tasks/coverage/test262/test/built-ins/Temporal/ZonedDateTime/prototype/add/options-read-before-algorithmic-validation.js

Mismatch: tasks/coverage/test262/test/built-ins/Temporal/ZonedDateTime/prototype/add/order-of-operations.js

Mismatch: tasks/coverage/test262/test/built-ins/Temporal/ZonedDateTime/prototype/round/order-of-operations.js

Mismatch: tasks/coverage/test262/test/built-ins/Temporal/ZonedDateTime/prototype/since/argument-at-limits.js

Mismatch: tasks/coverage/test262/test/built-ins/Temporal/ZonedDateTime/prototype/since/order-of-operations.js

Mismatch: tasks/coverage/test262/test/built-ins/Temporal/ZonedDateTime/prototype/subtract/options-read-before-algorithmic-validation.js

Mismatch: tasks/coverage/test262/test/built-ins/Temporal/ZonedDateTime/prototype/subtract/order-of-operations.js

Mismatch: tasks/coverage/test262/test/built-ins/Temporal/ZonedDateTime/prototype/toString/order-of-operations.js

Mismatch: tasks/coverage/test262/test/built-ins/Temporal/ZonedDateTime/prototype/until/argument-at-limits.js

Mismatch: tasks/coverage/test262/test/built-ins/Temporal/ZonedDateTime/prototype/until/order-of-operations.js

Mismatch: tasks/coverage/test262/test/built-ins/Temporal/ZonedDateTime/prototype/with/order-of-operations.js

Mismatch: tasks/coverage/test262/test/built-ins/Temporal/ZonedDateTime/prototype/withPlainTime/order-of-operations.js

Mismatch: tasks/coverage/test262/test/built-ins/TypedArray/prototype/at/returns-undefined-for-out-of-range-index.js

Mismatch: tasks/coverage/test262/test/built-ins/TypedArray/prototype/copyWithin/coerced-values-end-detached-prototype.js

Mismatch: tasks/coverage/test262/test/built-ins/TypedArray/prototype/copyWithin/coerced-values-end-detached.js

Mismatch: tasks/coverage/test262/test/built-ins/TypedArray/prototype/copyWithin/coerced-values-start-detached.js

Mismatch: tasks/coverage/test262/test/built-ins/TypedArray/prototype/find/BigInt/predicate-call-parameters.js

Mismatch: tasks/coverage/test262/test/built-ins/TypedArray/prototype/find/predicate-call-parameters.js

Mismatch: tasks/coverage/test262/test/built-ins/TypedArray/prototype/findIndex/BigInt/predicate-call-parameters.js

Mismatch: tasks/coverage/test262/test/built-ins/TypedArray/prototype/findIndex/predicate-call-parameters.js

Mismatch: tasks/coverage/test262/test/built-ins/TypedArray/prototype/findLast/BigInt/predicate-call-parameters.js

Mismatch: tasks/coverage/test262/test/built-ins/TypedArray/prototype/findLast/predicate-call-parameters.js

Mismatch: tasks/coverage/test262/test/built-ins/TypedArray/prototype/findLastIndex/BigInt/predicate-call-parameters.js

Mismatch: tasks/coverage/test262/test/built-ins/TypedArray/prototype/findLastIndex/predicate-call-parameters.js

Mismatch: tasks/coverage/test262/test/built-ins/TypedArray/prototype/set/target-grow-mid-iteration.js

Mismatch: tasks/coverage/test262/test/built-ins/TypedArray/prototype/set/target-grow-source-length-getter.js

Mismatch: tasks/coverage/test262/test/built-ins/TypedArray/prototype/set/target-shrink-mid-iteration.js

Mismatch: tasks/coverage/test262/test/built-ins/TypedArray/prototype/set/target-shrink-source-length-getter.js

Mismatch: tasks/coverage/test262/test/built-ins/TypedArray/prototype/slice/BigInt/detached-buffer-zero-count-custom-ctor-other-targettype.js

Mismatch: tasks/coverage/test262/test/built-ins/TypedArray/prototype/slice/BigInt/detached-buffer-zero-count-custom-ctor-same-targettype.js

Mismatch: tasks/coverage/test262/test/built-ins/TypedArray/prototype/slice/detached-buffer-zero-count-custom-ctor-other-targettype.js

Mismatch: tasks/coverage/test262/test/built-ins/TypedArray/prototype/slice/detached-buffer-zero-count-custom-ctor-same-targettype.js

Mismatch: tasks/coverage/test262/test/built-ins/undefined/15.1.1.3-2.js

Mismatch: tasks/coverage/test262/test/intl402/DateTimeFormat/prototype/formatRange/date-undefined-throws.js

Mismatch: tasks/coverage/test262/test/intl402/DateTimeFormat/prototype/formatRangeToParts/date-undefined-throws.js

Mismatch: tasks/coverage/test262/test/intl402/DateTimeFormat/prototype/formatToParts/related-year-zh.js

Mismatch: tasks/coverage/test262/test/intl402/Temporal/Duration/prototype/round/adjust-rounded-duration-days.js

Mismatch: tasks/coverage/test262/test/intl402/Temporal/Duration/prototype/round/dst-balancing-result.js

Mismatch: tasks/coverage/test262/test/intl402/Temporal/Duration/prototype/total/dst-balancing-result.js

Mismatch: tasks/coverage/test262/test/intl402/Temporal/PlainDate/from/roundtrip-from-iso.js

Mismatch: tasks/coverage/test262/test/intl402/Temporal/PlainDate/from/roundtrip-from-property-bag.js

Mismatch: tasks/coverage/test262/test/intl402/Temporal/PlainDateTime/from/roundtrip-from-property-bag.js

Mismatch: tasks/coverage/test262/test/intl402/Temporal/PlainDateTime/prototype/toZonedDateTime/order-of-operations.js

Mismatch: tasks/coverage/test262/test/intl402/Temporal/PlainMonthDay/from/reference-date-noniso-calendar.js

Mismatch: tasks/coverage/test262/test/intl402/Temporal/PlainYearMonth/from/roundtrip-from-property-bag.js

Mismatch: tasks/coverage/test262/test/intl402/Temporal/ZonedDateTime/from/roundtrip-from-property-bag.js

Mismatch: tasks/coverage/test262/test/intl402/Temporal/ZonedDateTime/prototype/since/argument-at-limits.js

Mismatch: tasks/coverage/test262/test/intl402/Temporal/ZonedDateTime/prototype/until/argument-at-limits.js

Mismatch: tasks/coverage/test262/test/intl402/Temporal/ZonedDateTime/prototype/until/dst-rounding-result.js

Mismatch: tasks/coverage/test262/test/language/arguments-object/10.6-13-a-2.js

Mismatch: tasks/coverage/test262/test/language/arguments-object/10.6-13-a-3.js

Mismatch: tasks/coverage/test262/test/language/block-scope/leave/outermost-binding-updated-in-catch-block-nested-block-let-declaration-unseen-outside-of-block.js

Mismatch: tasks/coverage/test262/test/language/block-scope/leave/verify-context-in-labelled-block.js

Mismatch: tasks/coverage/test262/test/language/directive-prologue/14.1-12-s.js

Mismatch: tasks/coverage/test262/test/language/expressions/class/elements/after-same-line-gen-rs-static-method-privatename-identifier-alt.js

Mismatch: tasks/coverage/test262/test/language/expressions/class/elements/after-same-line-gen-rs-static-privatename-identifier-alt-by-classname.js

Mismatch: tasks/coverage/test262/test/language/expressions/class/elements/after-same-line-gen-rs-static-privatename-identifier-alt.js

Mismatch: tasks/coverage/test262/test/language/expressions/class/elements/after-same-line-method-rs-static-method-privatename-identifier-alt.js

Mismatch: tasks/coverage/test262/test/language/expressions/class/elements/after-same-line-method-rs-static-privatename-identifier-alt-by-classname.js

Mismatch: tasks/coverage/test262/test/language/expressions/class/elements/after-same-line-method-rs-static-privatename-identifier-alt.js

Mismatch: tasks/coverage/test262/test/language/expressions/class/elements/after-same-line-static-async-gen-rs-static-method-privatename-identifier-alt.js

Mismatch: tasks/coverage/test262/test/language/expressions/class/elements/after-same-line-static-async-gen-rs-static-privatename-identifier-alt-by-classname.js

Mismatch: tasks/coverage/test262/test/language/expressions/class/elements/after-same-line-static-async-gen-rs-static-privatename-identifier-alt.js

Mismatch: tasks/coverage/test262/test/language/expressions/class/elements/after-same-line-static-async-method-rs-static-method-privatename-identifier-alt.js

Mismatch: tasks/coverage/test262/test/language/expressions/class/elements/after-same-line-static-async-method-rs-static-privatename-identifier-alt-by-classname.js

Mismatch: tasks/coverage/test262/test/language/expressions/class/elements/after-same-line-static-async-method-rs-static-privatename-identifier-alt.js

Mismatch: tasks/coverage/test262/test/language/expressions/class/elements/after-same-line-static-gen-rs-static-method-privatename-identifier-alt.js

Mismatch: tasks/coverage/test262/test/language/expressions/class/elements/after-same-line-static-gen-rs-static-privatename-identifier-alt-by-classname.js

Mismatch: tasks/coverage/test262/test/language/expressions/class/elements/after-same-line-static-gen-rs-static-privatename-identifier-alt.js

Mismatch: tasks/coverage/test262/test/language/expressions/class/elements/after-same-line-static-method-rs-static-method-privatename-identifier-alt.js

Mismatch: tasks/coverage/test262/test/language/expressions/class/elements/after-same-line-static-method-rs-static-privatename-identifier-alt-by-classname.js

Mismatch: tasks/coverage/test262/test/language/expressions/class/elements/after-same-line-static-method-rs-static-privatename-identifier-alt.js

Mismatch: tasks/coverage/test262/test/language/expressions/class/elements/multiple-definitions-rs-static-method-privatename-identifier-alt.js

Mismatch: tasks/coverage/test262/test/language/expressions/class/elements/multiple-definitions-rs-static-privatename-identifier-alt-by-classname.js

Mismatch: tasks/coverage/test262/test/language/expressions/class/elements/multiple-definitions-rs-static-privatename-identifier-alt.js

Mismatch: tasks/coverage/test262/test/language/expressions/class/elements/multiple-stacked-definitions-rs-static-method-privatename-identifier-alt.js

Mismatch: tasks/coverage/test262/test/language/expressions/class/elements/multiple-stacked-definitions-rs-static-privatename-identifier-alt-by-classname.js

Mismatch: tasks/coverage/test262/test/language/expressions/class/elements/multiple-stacked-definitions-rs-static-privatename-identifier-alt.js

Mismatch: tasks/coverage/test262/test/language/expressions/class/elements/new-no-sc-line-method-rs-static-method-privatename-identifier-alt.js

Mismatch: tasks/coverage/test262/test/language/expressions/class/elements/new-no-sc-line-method-rs-static-privatename-identifier-alt-by-classname.js

Mismatch: tasks/coverage/test262/test/language/expressions/class/elements/new-no-sc-line-method-rs-static-privatename-identifier-alt.js

Mismatch: tasks/coverage/test262/test/language/expressions/class/elements/new-sc-line-gen-rs-static-method-privatename-identifier-alt.js

Mismatch: tasks/coverage/test262/test/language/expressions/class/elements/new-sc-line-gen-rs-static-privatename-identifier-alt-by-classname.js

Mismatch: tasks/coverage/test262/test/language/expressions/class/elements/new-sc-line-gen-rs-static-privatename-identifier-alt.js

Mismatch: tasks/coverage/test262/test/language/expressions/class/elements/new-sc-line-method-rs-static-method-privatename-identifier-alt.js

Mismatch: tasks/coverage/test262/test/language/expressions/class/elements/new-sc-line-method-rs-static-privatename-identifier-alt-by-classname.js

Mismatch: tasks/coverage/test262/test/language/expressions/class/elements/new-sc-line-method-rs-static-privatename-identifier-alt.js

Mismatch: tasks/coverage/test262/test/language/expressions/class/elements/regular-definitions-rs-static-method-privatename-identifier-alt.js

Mismatch: tasks/coverage/test262/test/language/expressions/class/elements/regular-definitions-rs-static-privatename-identifier-alt-by-classname.js

Mismatch: tasks/coverage/test262/test/language/expressions/class/elements/regular-definitions-rs-static-privatename-identifier-alt.js

Mismatch: tasks/coverage/test262/test/language/expressions/class/elements/same-line-async-gen-rs-static-method-privatename-identifier-alt.js

Mismatch: tasks/coverage/test262/test/language/expressions/class/elements/same-line-async-gen-rs-static-privatename-identifier-alt-by-classname.js

Mismatch: tasks/coverage/test262/test/language/expressions/class/elements/same-line-async-gen-rs-static-privatename-identifier-alt.js

Mismatch: tasks/coverage/test262/test/language/expressions/class/elements/same-line-async-method-rs-static-method-privatename-identifier-alt.js

Mismatch: tasks/coverage/test262/test/language/expressions/class/elements/same-line-async-method-rs-static-privatename-identifier-alt-by-classname.js

Mismatch: tasks/coverage/test262/test/language/expressions/class/elements/same-line-async-method-rs-static-privatename-identifier-alt.js

Mismatch: tasks/coverage/test262/test/language/expressions/class/elements/same-line-gen-rs-static-method-privatename-identifier-alt.js

Mismatch: tasks/coverage/test262/test/language/expressions/class/elements/same-line-gen-rs-static-privatename-identifier-alt-by-classname.js

Mismatch: tasks/coverage/test262/test/language/expressions/class/elements/same-line-gen-rs-static-privatename-identifier-alt.js

Mismatch: tasks/coverage/test262/test/language/expressions/class/elements/same-line-method-rs-static-method-privatename-identifier-alt.js

Mismatch: tasks/coverage/test262/test/language/expressions/class/elements/same-line-method-rs-static-privatename-identifier-alt-by-classname.js

Mismatch: tasks/coverage/test262/test/language/expressions/class/elements/same-line-method-rs-static-privatename-identifier-alt.js

Mismatch: tasks/coverage/test262/test/language/expressions/class/elements/wrapped-in-sc-rs-static-method-privatename-identifier-alt.js

Mismatch: tasks/coverage/test262/test/language/expressions/class/elements/wrapped-in-sc-rs-static-privatename-identifier-alt-by-classname.js

Mismatch: tasks/coverage/test262/test/language/expressions/class/elements/wrapped-in-sc-rs-static-privatename-identifier-alt.js

Mismatch: tasks/coverage/test262/test/language/expressions/dynamic-import/assignment-expression/new-target.js

Mismatch: tasks/coverage/test262/test/language/expressions/dynamic-import/eval-rqstd-once.js

Mismatch: tasks/coverage/test262/test/language/expressions/dynamic-import/eval-self-once-module.js

Mismatch: tasks/coverage/test262/test/language/expressions/dynamic-import/eval-self-once-script.js

Mismatch: tasks/coverage/test262/test/language/expressions/exponentiation/applying-the-exp-operator_A1.js

Mismatch: tasks/coverage/test262/test/language/expressions/exponentiation/applying-the-exp-operator_A11.js

Mismatch: tasks/coverage/test262/test/language/expressions/exponentiation/applying-the-exp-operator_A12.js

Mismatch: tasks/coverage/test262/test/language/expressions/exponentiation/applying-the-exp-operator_A14.js

Mismatch: tasks/coverage/test262/test/language/expressions/exponentiation/applying-the-exp-operator_A16.js

Mismatch: tasks/coverage/test262/test/language/expressions/exponentiation/applying-the-exp-operator_A17.js

Mismatch: tasks/coverage/test262/test/language/expressions/exponentiation/applying-the-exp-operator_A18.js

Mismatch: tasks/coverage/test262/test/language/expressions/exponentiation/applying-the-exp-operator_A2.js

Mismatch: tasks/coverage/test262/test/language/expressions/exponentiation/applying-the-exp-operator_A20.js

Mismatch: tasks/coverage/test262/test/language/expressions/exponentiation/applying-the-exp-operator_A22.js

Mismatch: tasks/coverage/test262/test/language/expressions/exponentiation/applying-the-exp-operator_A23.js

Mismatch: tasks/coverage/test262/test/language/expressions/exponentiation/applying-the-exp-operator_A3.js

Mismatch: tasks/coverage/test262/test/language/expressions/exponentiation/applying-the-exp-operator_A4.js

Mismatch: tasks/coverage/test262/test/language/expressions/exponentiation/applying-the-exp-operator_A5.js

Mismatch: tasks/coverage/test262/test/language/expressions/exponentiation/applying-the-exp-operator_A6.js

Mismatch: tasks/coverage/test262/test/language/expressions/optional-chaining/iteration-statement-for.js

Mismatch: tasks/coverage/test262/test/language/expressions/optional-chaining/short-circuiting.js

Mismatch: tasks/coverage/test262/test/language/module-code/namespace/internals/own-property-keys-sort.js

Mismatch: tasks/coverage/test262/test/language/module-code/top-level-await/dynamic-import-of-waiting-module.js

Mismatch: tasks/coverage/test262/test/language/module-code/top-level-await/syntax/catch-parameter.js

Mismatch: tasks/coverage/test262/test/language/statements/async-generator/return-undefined-implicit-and-explicit.js

Mismatch: tasks/coverage/test262/test/language/statements/class/elements/after-same-line-gen-rs-static-method-privatename-identifier-alt.js

Mismatch: tasks/coverage/test262/test/language/statements/class/elements/after-same-line-gen-rs-static-privatename-identifier-alt-by-classname.js

Mismatch: tasks/coverage/test262/test/language/statements/class/elements/after-same-line-gen-rs-static-privatename-identifier-alt.js

Mismatch: tasks/coverage/test262/test/language/statements/class/elements/after-same-line-method-rs-static-method-privatename-identifier-alt.js

Mismatch: tasks/coverage/test262/test/language/statements/class/elements/after-same-line-method-rs-static-privatename-identifier-alt-by-classname.js

Mismatch: tasks/coverage/test262/test/language/statements/class/elements/after-same-line-method-rs-static-privatename-identifier-alt.js

Mismatch: tasks/coverage/test262/test/language/statements/class/elements/after-same-line-static-async-gen-rs-static-method-privatename-identifier-alt.js

Mismatch: tasks/coverage/test262/test/language/statements/class/elements/after-same-line-static-async-gen-rs-static-privatename-identifier-alt-by-classname.js

Mismatch: tasks/coverage/test262/test/language/statements/class/elements/after-same-line-static-async-gen-rs-static-privatename-identifier-alt.js

Mismatch: tasks/coverage/test262/test/language/statements/class/elements/after-same-line-static-async-method-rs-static-method-privatename-identifier-alt.js

Mismatch: tasks/coverage/test262/test/language/statements/class/elements/after-same-line-static-async-method-rs-static-privatename-identifier-alt-by-classname.js

Mismatch: tasks/coverage/test262/test/language/statements/class/elements/after-same-line-static-async-method-rs-static-privatename-identifier-alt.js

Mismatch: tasks/coverage/test262/test/language/statements/class/elements/after-same-line-static-gen-rs-static-method-privatename-identifier-alt.js

Mismatch: tasks/coverage/test262/test/language/statements/class/elements/after-same-line-static-gen-rs-static-privatename-identifier-alt-by-classname.js

Mismatch: tasks/coverage/test262/test/language/statements/class/elements/after-same-line-static-gen-rs-static-privatename-identifier-alt.js

Mismatch: tasks/coverage/test262/test/language/statements/class/elements/after-same-line-static-method-rs-static-method-privatename-identifier-alt.js

Mismatch: tasks/coverage/test262/test/language/statements/class/elements/after-same-line-static-method-rs-static-privatename-identifier-alt-by-classname.js

Mismatch: tasks/coverage/test262/test/language/statements/class/elements/after-same-line-static-method-rs-static-privatename-identifier-alt.js

Mismatch: tasks/coverage/test262/test/language/statements/class/elements/multiple-definitions-rs-static-method-privatename-identifier-alt.js

Mismatch: tasks/coverage/test262/test/language/statements/class/elements/multiple-definitions-rs-static-privatename-identifier-alt-by-classname.js

Mismatch: tasks/coverage/test262/test/language/statements/class/elements/multiple-definitions-rs-static-privatename-identifier-alt.js

Mismatch: tasks/coverage/test262/test/language/statements/class/elements/multiple-stacked-definitions-rs-static-method-privatename-identifier-alt.js

Mismatch: tasks/coverage/test262/test/language/statements/class/elements/multiple-stacked-definitions-rs-static-privatename-identifier-alt-by-classname.js

Mismatch: tasks/coverage/test262/test/language/statements/class/elements/multiple-stacked-definitions-rs-static-privatename-identifier-alt.js

Mismatch: tasks/coverage/test262/test/language/statements/class/elements/new-no-sc-line-method-rs-static-method-privatename-identifier-alt.js

Mismatch: tasks/coverage/test262/test/language/statements/class/elements/new-no-sc-line-method-rs-static-privatename-identifier-alt-by-classname.js

Mismatch: tasks/coverage/test262/test/language/statements/class/elements/new-no-sc-line-method-rs-static-privatename-identifier-alt.js

Mismatch: tasks/coverage/test262/test/language/statements/class/elements/new-sc-line-gen-rs-static-method-privatename-identifier-alt.js

Mismatch: tasks/coverage/test262/test/language/statements/class/elements/new-sc-line-gen-rs-static-privatename-identifier-alt-by-classname.js

Mismatch: tasks/coverage/test262/test/language/statements/class/elements/new-sc-line-gen-rs-static-privatename-identifier-alt.js

Mismatch: tasks/coverage/test262/test/language/statements/class/elements/new-sc-line-method-rs-static-method-privatename-identifier-alt.js

Mismatch: tasks/coverage/test262/test/language/statements/class/elements/new-sc-line-method-rs-static-privatename-identifier-alt-by-classname.js

Mismatch: tasks/coverage/test262/test/language/statements/class/elements/new-sc-line-method-rs-static-privatename-identifier-alt.js

Mismatch: tasks/coverage/test262/test/language/statements/class/elements/regular-definitions-rs-static-method-privatename-identifier-alt.js

Mismatch: tasks/coverage/test262/test/language/statements/class/elements/regular-definitions-rs-static-privatename-identifier-alt-by-classname.js

Mismatch: tasks/coverage/test262/test/language/statements/class/elements/regular-definitions-rs-static-privatename-identifier-alt.js

Mismatch: tasks/coverage/test262/test/language/statements/class/elements/same-line-async-gen-rs-static-method-privatename-identifier-alt.js

Mismatch: tasks/coverage/test262/test/language/statements/class/elements/same-line-async-gen-rs-static-privatename-identifier-alt-by-classname.js

Mismatch: tasks/coverage/test262/test/language/statements/class/elements/same-line-async-gen-rs-static-privatename-identifier-alt.js

Mismatch: tasks/coverage/test262/test/language/statements/class/elements/same-line-async-method-rs-static-method-privatename-identifier-alt.js

Mismatch: tasks/coverage/test262/test/language/statements/class/elements/same-line-async-method-rs-static-privatename-identifier-alt-by-classname.js

Mismatch: tasks/coverage/test262/test/language/statements/class/elements/same-line-async-method-rs-static-privatename-identifier-alt.js

Mismatch: tasks/coverage/test262/test/language/statements/class/elements/same-line-gen-rs-static-method-privatename-identifier-alt.js

Mismatch: tasks/coverage/test262/test/language/statements/class/elements/same-line-gen-rs-static-privatename-identifier-alt-by-classname.js

Mismatch: tasks/coverage/test262/test/language/statements/class/elements/same-line-gen-rs-static-privatename-identifier-alt.js

Mismatch: tasks/coverage/test262/test/language/statements/class/elements/same-line-method-rs-static-method-privatename-identifier-alt.js

Mismatch: tasks/coverage/test262/test/language/statements/class/elements/same-line-method-rs-static-privatename-identifier-alt-by-classname.js

Mismatch: tasks/coverage/test262/test/language/statements/class/elements/same-line-method-rs-static-privatename-identifier-alt.js

Mismatch: tasks/coverage/test262/test/language/statements/class/elements/wrapped-in-sc-rs-static-method-privatename-identifier-alt.js

Mismatch: tasks/coverage/test262/test/language/statements/class/elements/wrapped-in-sc-rs-static-privatename-identifier-alt-by-classname.js

Mismatch: tasks/coverage/test262/test/language/statements/class/elements/wrapped-in-sc-rs-static-privatename-identifier-alt.js

Mismatch: tasks/coverage/test262/test/language/statements/function/S14_A5_T1.js

Mismatch: tasks/coverage/test262/test/language/statements/function/S14_A5_T2.js

Mismatch: tasks/coverage/test262/test/language/statements/try/completion-values-fn-finally-abrupt.js

Mismatch: tasks/coverage/test262/test/language/statements/variable/S12.2_A1.js

